I'm sorry, but errors were detected in your script. Please correct the
errors listed below, and try again.


File "game/scripts/script.rpy", line 103: end of line expected.
    akari 'Poxa vida, tudo bem então']
                                     ^

Ren'Py Version: Ren'Py 7.0.0.196
Wed Aug  1 20:40:45 2018
